{
'project:angular-1.0.3.js':[
14304,
],
'project:dojo-1.8.1/dijit/_editor/RichText.js.uncompressed.js':[
1856,
1893,
],
'project:dojo-1.8.1/dojo/date.js.uncompressed.js':[
269,
287,
],
'project:dojo-1.8.1/dojox/data/XmlStore.js.uncompressed.js':[
248,
],
'project:dojo-1.8.1/dojox/date/buddhist.js.uncompressed.js':[
152,
170,
],
'project:dojo-1.8.1/dojox/date/hebrew.js.uncompressed.js':[
159,
177,
],
'project:dojo-1.8.1/dojox/date/islamic.js.uncompressed.js':[
160,
178,
],
'project:dojo-1.8.1/dojox/dgauges/RectangularScale.js.uncompressed.js':[
144,
],
'project:dojo-1.8.1/dojox/dgauges/components/default/HorizontalLinearGauge.js.uncompressed.js':[
156,
],
'project:dojo-1.8.1/dojox/dgauges/components/default/SemiCircularLinearGauge.js.uncompressed.js':[
146,
],
'project:dojo-1.8.1/dojox/dgauges/components/default/VerticalLinearGauge.js.uncompressed.js':[
160,
],
'project:dojo-1.8.1/dojox/dnd/Selector.js.uncompressed.js':[
200,
201,
],
'project:dojo-1.8.1/dojox/dtl.js.uncompressed.js':[
1898,
2716,
2734,
],
'project:dojo-1.8.1/dojox/dtl/tag/logic.js.uncompressed.js':[
80,
],
'project:dojo-1.8.1/dojox/grid/_Layout.js.uncompressed.js':[
112,
],
'project:dojo-1.8.1/dojox/json/ref.js.uncompressed.js':[
285,
],
'project:dojo-1.8.1/dojox/layout/GridContainerLite.js.uncompressed.js':[
331,
],
'project:dojo-1.8.1/dojox/treemap/_utils.js.uncompressed.js':[
173,
213,
213,
220,
220,
],
'project:ecmascript6/Ghost/core/client/app/adapters/embedded-relation-adapter.js':[
102,
],
'project:ecmascript6/Ghost/core/server/data/meta/description.js':[
11,
],
'project:ecmascript6/di.js/example/angular-loader/traceur.js':[
15190,
],
'project:ecmascript6/di.js/visualize/lib/angular.js':[
20268,
],
'project:google-closure-library/format/jsonprettyprinter.js':[
136,
],
'project:google-closure-library/messaging/portchannel.js':[
373,
],
'project:google-closure-library/net/browsertestchannel.js':[
480,
],
'project:google-closure-library/string/string.js':[
847,
],
'project:google-closure-library/style/style.js':[
788,
],
'project:google-closure-library/testing/dom.js':[
288,
],
'project:jest/packages/jest-cli/src/lib/scroll_list.js':[
25,
],
'project:yui-3.7.3/calendar-base/calendar-base.js':[
676,
],
'project:yui-3.7.3/charts-base/charts-base.js':[
10014,
10356,
15233,
],
'project:yui-3.7.3/dd-constrain/dd-constrain.js':[
543,
],
'project:yui-3.7.3/dom-core/dom-core.js':[
169,
],
'project:yui-3.7.3/graphics-canvas/graphics-canvas.js':[
644,
674,
981,
],
'project:yui-3.7.3/graphics-vml/graphics-vml.js':[
1074,
1147,
],
'project:yui-3.7.3/loader-base/loader-base.js':[
2325,
],
'project:yui-3.7.3/loader-rollup/loader-rollup.js':[
71,
],
'project:yui-3.7.3/node-core/node-core.js':[
183,
412,
],
'project:yui-3.7.3/node-focusmanager/node-focusmanager.js':[
315,
],
'project:yui-3.7.3/yui-core/yui-core.js':[
977,
],
}
