{
'project:dojo-1.8.1/dojo/_base/config.js.uncompressed.js':[
165,
],
'project:dojo-1.8.1/dojo/_base/connect.js.uncompressed.js':[
24,
],
'project:dojo-1.8.1/dojo/_base/kernel.js.uncompressed.js':[
107,
139,
148,
231,
248,
],
'project:dojo-1.8.1/dojo/_base/lang.js.uncompressed.js':[
373,
375,
],
'project:dojo-1.8.1/dojo/_base/loader.js.uncompressed.js':[
10,
15,
41,
],
'project:dojo-1.8.1/dojo/_base/sniff.js.uncompressed.js':[
13,
],
'project:dojo-1.8.1/dojo/dojo.js.uncompressed.js':[
732,
831,
923,
1210,
1231,
1238,
1523,
1760,
1794,
1804,
2774,
3923,
3955,
3964,
4047,
4064,
5808,
5975,
5980,
6006,
11696,
12460,
12462,
15494,
16695,
16754,
17309,
17326,
17360,
],
'project:dojo-1.8.1/dojo/has.js.uncompressed.js':[
19,
],
'project:dojo-1.8.1/dojo/i18n.js.uncompressed.js':[
12,
],
'project:dojo-1.8.1/dojo/main.js.uncompressed.js':[
34,
],
'project:dojo-1.8.1/dojo/ready.js.uncompressed.js':[
112,
129,
],
'project:dojo-1.8.1/dojo/request/default.js.uncompressed.js':[
9,
],
'project:dojo-1.8.1/dojo/text.js.uncompressed.js':[
6,
],
'project:dojo-1.8.1/dojox/data/CdfStore.js.uncompressed.js':[
318,
],
'project:dojo-1.8.1/dojox/drawing/tools/TextBlock.js.uncompressed.js':[
717,
764,
],
'project:dojo-1.8.1/dojox/drawing/tools/custom/Vector.js.uncompressed.js':[
295,
],
'project:dojo-1.8.1/dojox/dtl.js.uncompressed.js':[
1623,
1898,
],
'project:dojo-1.8.1/dojox/dtl/filter/strings.js.uncompressed.js':[
245,
],
'project:dojo-1.8.1/dojox/dtl/tag/logic.js.uncompressed.js':[
80,
],
'project:dojo-1.8.1/dojox/dtl/tag/misc.js.uncompressed.js':[
278,
],
'project:dojo-1.8.1/dojox/embed/Flash.js.uncompressed.js':[
469,
],
'project:dojo-1.8.1/dojox/gantt/GanttProjectControl.js.uncompressed.js':[
735,
794,
],
'project:dojo-1.8.1/dojox/geo/charting/Feature.js.uncompressed.js':[
141,
],
'project:dojo-1.8.1/dojox/geo/charting/Map.js.uncompressed.js':[
223,
],
'project:dojo-1.8.1/dojox/geo/openlayers/Map.js.uncompressed.js':[
505,
],
'project:dojo-1.8.1/dojox/gfx/shape.js.uncompressed.js':[
510,
516,
],
'project:dojo-1.8.1/dojox/gfx/silverlight.js.uncompressed.js':[
265,
],
'project:dojo-1.8.1/dojox/mobile/iconUtils.js.uncompressed.js':[
167,
],
'project:dojo-1.8.1/dojox/mvc/StatefulArray.js.uncompressed.js':[
173,
],
'project:dojo-1.8.1/dojox/treemap/TreeMap.js.uncompressed.js':[
172,
],
'project:dojo-1.8.1/dojox/treemap/_utils.js.uncompressed.js':[
246,
],
'project:dojo-1.8.1/dojox/xmpp/xmppSession.js.uncompressed.js':[
304,
326,
],
'project:ecmascript6/Ghost/core/client/app/adapters/embedded-relation-adapter.js':[
102,
],
'project:ecmascript6/di.js/example/angular-loader/traceur.js':[
18095,
18230,
18278,
18302,
18357,
18383,
18613,
18834,
],
'project:ecmascript6/di.js/visualize/lib/d3.v3.js':[
36,
39,
],
'project:ecmascript6/expressionist.js/test/parser.spec.js':[
61,
62,
69,
70,
71,
72,
73,
74,
75,
80,
80,
658,
],
'project:frameworks/wordpress/editor-expand.js':[
410,
],
'project:google-closure-library/testing/mockmatchers.js':[
386,
],
'project:jest/packages/jest-cli/src/test_sequencer.js':[
88,
],
'project:jest/packages/jest-get-type/src/index.js':[
44,
],
'project:jest/packages/jest-message-util/src/index.js':[
68,
],
'project:jest/packages/jest-snapshot/src/index.js':[
89,
],
'project:ocanvas-2.2.2.js':[
227,
],
'project:open-layers-2.12/OpenLayers/Format/GeoJSON.js':[
459,
],
'project:scriptaculous-1.9.0/dragdrop.js':[
850,
],
'project:yui-3.7.3/charts-base/charts-base.js':[
4731,
4752,
4772,
11989,
],
'project:yui-3.7.3/dom-base/dom-base.js':[
368,
],
'project:yui-3.7.3/event-mouseenter/event-mouseenter.js':[
101,
],
'project:yui-3.7.3/transition/transition.js':[
563,
],
}
